[0m[33mWarning[0m[2m:[0m [1mThe 'NO_COLOR' env is ignored due to the 'FORCE_COLOR' env being set.[0m
[0m      [2mat [0m[0m[1m[3mwarnOnDeactivatedColors[0m[2m ([0m[0m[36minternal:tty[0m[2m:[0m[33m33[0m[2m:[33m24[0m[2m)[0m
[0m      [2mat [0m[0m[1m[3mgetColorDepth[0m[2m ([0m[0m[36minternal:tty[0m[2m:[0m[33m46[0m[2m:[33m39[0m[2m)[0m
[0m      [2mat [0m[0m[1m[3mshouldColorize[0m[2m ([0m[0m[36minternal:util/colors[0m[2m:[0m[33m14[0m[2m:[33m109[0m[2m)[0m
[0m      [2mat [0m[0m[1m[3mrefresh[0m[2m ([0m[0m[36minternal:util/colors[0m[2m:[0m[33m18[0m[2m:[33m31[0m[2m)[0m
[0m      [2mat [0m[0m[1m[3minternal:util/colors[0m[2m ([0m[0m[36minternal:util/colors[0m[2m:[0m[33m24[0m[2m:[33m16[0m[2m)[0m
[0m      [2mat [0m[0m[1m[3minternal:assert/assertion_error[0m[2m ([0m[0m[36minternal:assert/assertion_error[0m[2m:[0m[33m2[0m[2m:[33m187[0m[2m)[0m
[0m      [2mat [0m[0m[1m[3mloadAssertionError[0m[2m ([0m[0m[36mnode:assert[0m[2m:[0m[33m28[0m[2m:[33m96[0m[2m)[0m

[0m[33mWarning[0m[2m:[0m [1mThe 'NO_COLOR' env is ignored due to the 'FORCE_COLOR' env being set.[0m
[0m      [2mat [0memitWarning[2m ([0m[0m[36munknown[0m[2m:[0m[33m1[0m[2m:[33m1[0m[2m)[0m
[0m      [2mat [0mwarnOnDeactivatedColors[2m ([0m[0m[36minternal:tty[0m[2m:[0m[33m33[0m[2m:[33m24[0m[2m)[0m
[0m      [2mat [0mgetColorDepth[2m ([0m[0m[36minternal:tty[0m[2m:[0m[33m46[0m[2m:[33m39[0m[2m)[0m
[0m      [2mat [0mshouldColorize[2m ([0m[0m[36minternal:util/colors[0m[2m:[0m[33m14[0m[2m:[33m109[0m[2m)[0m
[0m      [2mat [0mrefresh[2m ([0m[0m[36minternal:util/colors[0m[2m:[0m[33m18[0m[2m:[33m31[0m[2m)[0m
[0m      [2mat [0minternal:util/colors[2m ([0m[0m[36minternal:util/colors[0m[2m:[0m[33m24[0m[2m:[33m16[0m[2m)[0m
[0m      [2mat [0manonymous[2m ([0m[0m[36munknown[0m[2m:[0m[33m1[0m[2m:[33m1[0m[2m)[0m
[0m      [2mat [0minternal:assert/assertion_error[2m ([0m[0m[36minternal:assert/assertion_error[0m[2m:[0m[33m2[0m[2m:[33m187[0m[2m)[0m
[0m      [2mat [0manonymous[2m ([0m[0m[36munknown[0m[2m:[0m[33m1[0m[2m:[33m1[0m[2m)[0m
[0m      [2mat [0mloadAssertionError[2m ([0m[0m[36mnode:assert[0m[2m:[0m[33m28[0m[2m:[33m96[0m[2m)[0m
[0m      [2mat [0mget[2m ([0m[0m[36mnode:assert[0m[2m:[0m[33m70[0m[2m:[33m30[0m[2m)[0m
[0m      [2mat [0massign[2m ([0m[0m[36munknown[0m[2m:[0m[33m1[0m[2m:[33m1[0m[2m)[0m
[0m      [2mat [0mnode:assert[2m ([0m[0m[36mnode:assert[0m[2m:[0m[33m588[0m[2m:[33m29[0m[2m)[0m
[0m      [2mat [0manonymous[2m ([0m[0m[36munknown[0m[2m:[0m[33m1[0m[2m:[33m1[0m[2m)[0m
[0m      [2mat [0m[0m[36mB:/~BUN/root/chunk-794f4hw9.js[0m[2m:[0m[33m334[0m[2m:[33m3783[0m
[0m      [2mat [0m[0m[36mB:/~BUN/root/chunk-msc2kfvd.js[0m[2m:[0m[33m2[0m[2m:[33m492[0m
[0m      [2mat [0m[0m[36mB:/~BUN/root/chunk-794f4hw9.js[0m[2m:[0m[33m365[0m[2m:[33m27897[0m
[0m      [2mat [0m[0m[36mB:/~BUN/root/chunk-msc2kfvd.js[0m[2m:[0m[33m2[0m[2m:[33m492[0m

